hi I am Alekhya
HP@LAPTOP-T1DUA5RS MINGW64 ~/OneDrive/Desktop/19501A0517
$ touch 19501a0517.txt

HP@LAPTOP-T1DUA5RS MINGW64 ~/OneDrive/Desktop/19501A0517
$ ls
 19501a0517.txt                     'Week-4(oops).html'
 Ayinam.Alekhya.jpeg                'Week-5(Sorting).html'
 Week-1.html                        'Week-6(Searching).html'
'Week-10(Binary search Tree).html'  'Week-7(Stacks).html'
'Week-2(functions).html'            'Week-8(Queue).html'
'Week-3(Data_structures).html'      'Week-9(linked list).html'

HP@LAPTOP-T1DUA5RS MINGW64 ~/OneDrive/Desktop/19501A0517
$ git status
fatal: not a git repository (or any of the parent directories): .git

HP@LAPTOP-T1DUA5RS MINGW64 ~/OneDrive/Desktop/19501A0517
$ git init
Initialized empty Git repository in C:/Users/HP/OneDrive/Desktop/19501A0517/.git/

HP@LAPTOP-T1DUA5RS MINGW64 ~/OneDrive/Desktop/19501A0517 (master)
$ git status
On branch master

No commits yet

Untracked files:
  (use "git add <file>..." to include in what will be committed)
        19501a0517.txt
        Ayinam.Alekhya.jpeg
        Week-1.html
        Week-10(Binary search Tree).html
        Week-2(functions).html
        Week-3(Data_structures).html
        Week-4(oops).html
        Week-5(Sorting).html
        Week-6(Searching).html
        Week-7(Stacks).html
        Week-8(Queue).html
        Week-9(linked list).html

nothing added to commit but untracked files present (use "git add" to track)

HP@LAPTOP-T1DUA5RS MINGW64 ~/OneDrive/Desktop/19501A0517 (master)
$ git add 19501a0517.txt

HP@LAPTOP-T1DUA5RS MINGW64 ~/OneDrive/Desktop/19501A0517 (master)
$ git status
On branch master

No commits yet

Changes to be committed:
  (use "git rm --cached <file>..." to unstage)
        new file:   19501a0517.txt

Untracked files:
  (use "git add <file>..." to include in what will be committed)
        Ayinam.Alekhya.jpeg
        Week-1.html
        Week-10(Binary search Tree).html
        Week-2(functions).html
        Week-3(Data_structures).html
        Week-4(oops).html
        Week-5(Sorting).html
        Week-6(Searching).html
        Week-7(Stacks).html
        Week-8(Queue).html
        Week-9(linked list).html


HP@LAPTOP-T1DUA5RS MINGW64 ~/OneDrive/Desktop/19501A0517 (master)
$ git commit -m "adding file"
Author identity unknown

*** Please tell me who you are.

Run

  git config --global user.email "you@example.com"
  git config --global user.name "Your Name"

to set your account's default identity.
Omit --global to set the identity only in this repository.

fatal: unable to auto-detect email address (got 'HP@LAPTOP-T1DUA5RS.(none)')

HP@LAPTOP-T1DUA5RS MINGW64 ~/OneDrive/Desktop/19501A0517 (master)
$ git config --global user.name “abc123”
        $ git config --list
HP@LAPTOP-T1DUA5RS MINGW64 ~/OneDrive/Desktop/19501A0517 (master)
$ Sets your user name
bash: Sets: command not found

HP@LAPTOP-T1DUA5RS MINGW64 ~/OneDrive/Desktop/19501A0517 (master)
$ $ git config --global user.email “abc@gmail.com”
bash: $: command not found

HP@LAPTOP-T1DUA5RS MINGW64 ~/OneDrive/Desktop/19501A0517 (master)
$ Sets your email
bash: Sets: command not found

HP@LAPTOP-T1DUA5RS MINGW64 ~/OneDrive/Desktop/19501A0517 (master)
$ git config --global user.name “Alekhya-Ayinam”

HP@LAPTOP-T1DUA5RS MINGW64 ~/OneDrive/Desktop/19501A0517 (master)
$ git config --global user.email “alekhya200127@gmail.com”

HP@LAPTOP-T1DUA5RS MINGW64 ~/OneDrive/Desktop/19501A0517 (master)
$ git config --list
diff.astextplain.textconv=astextplain
filter.lfs.clean=git-lfs clean -- %f
filter.lfs.smudge=git-lfs smudge -- %f
filter.lfs.process=git-lfs filter-process
filter.lfs.required=true
http.sslbackend=openssl
http.sslcainfo=C:/Program Files/Git/mingw64/ssl/certs/ca-bundle.crt
core.autocrlf=true
core.fscache=true
core.symlinks=false
pull.rebase=false
credential.helper=manager-core
credential.https://dev.azure.com.usehttppath=true
init.defaultbranch=master
user.name=“Alekhya-Ayinam”
user.email=“alekhya200127@gmail.com”
core.repositoryformatversion=0
core.filemode=false
core.bare=false
core.logallrefupdates=true
core.symlinks=false
core.ignorecase=true

HP@LAPTOP-T1DUA5RS MINGW64 ~/OneDrive/Desktop/19501A0517 (master)
$ ^C

HP@LAPTOP-T1DUA5RS MINGW64 ~/OneDrive/Desktop/19501A0517 (master)
$ git commit -m "adding file"
[master (root-commit) 9162d58] adding file
 1 file changed, 0 insertions(+), 0 deletions(-)
 create mode 100644 19501a0517.txt

HP@LAPTOP-T1DUA5RS MINGW64 ~/OneDrive/Desktop/19501A0517 (master)
$ git remote add origin"https://github.com/Alekhya-Ayinam/test.git"
usage: git remote add [<options>] <name> <url>

    -f, --fetch           fetch the remote branches
    --tags                import all tags and associated objects when fetching
                          or do not fetch any tag at all (--no-tags)
    -t, --track <branch>  branch(es) to track
    -m, --master <branch>
                          master branch
    --mirror[=(push|fetch)]
                          set up remote as a mirror to push to or fetch from


HP@LAPTOP-T1DUA5RS MINGW64 ~/OneDrive/Desktop/19501A0517 (master)
$ git remote add origin "https://github.com/Alekhya-Ayinam/test.git"

HP@LAPTOP-T1DUA5RS MINGW64 ~/OneDrive/Desktop/19501A0517 (master)
$ git push origin master
Enumerating objects: 3, done.
Counting objects: 100% (3/3), done.
Writing objects: 100% (3/3), 236 bytes | 78.00 KiB/s, done.
Total 3 (delta 0), reused 0 (delta 0), pack-reused 0
To https://github.com/Alekhya-Ayinam/test.git
 * [new branch]      master -> master

HP@LAPTOP-T1DUA5RS MINGW64 ~/OneDrive/Desktop/19501A0517 (master)
$ git add 19501a0517.txt

HP@LAPTOP-T1DUA5RS MINGW64 ~/OneDrive/Desktop/19501A0517 (master)
$ git status
On branch master
Changes to be committed:
  (use "git restore --staged <file>..." to unstage)
        modified:   19501a0517.txt

Untracked files:
  (use "git add <file>..." to include in what will be committed)
        Ayinam.Alekhya.jpeg
        Week-1.html
        Week-10(Binary search Tree).html
        Week-2(functions).html
        Week-3(Data_structures).html
        Week-4(oops).html
        Week-5(Sorting).html
        Week-6(Searching).html
        Week-7(Stacks).html
        Week-8(Queue).html
        Week-9(linked list).html


HP@LAPTOP-T1DUA5RS MINGW64 ~/OneDrive/Desktop/19501A0517 (master)
$ git commit -m "adding files 2"
[master eb2cfa9] adding files 2
 1 file changed, 1 insertion(+)

HP@LAPTOP-T1DUA5RS MINGW64 ~/OneDrive/Desktop/19501A0517 (master)
$ git push origin master
Enumerating objects: 5, done.
Counting objects: 100% (5/5), done.
Writing objects: 100% (3/3), 285 bytes | 57.00 KiB/s, done.
Total 3 (delta 0), reused 0 (delta 0), pack-reused 0
To https://github.com/Alekhya-Ayinam/test.git
   9162d58..eb2cfa9  master -> master
